
> fii-dashboard-backend@1.0.0 test
> jest src/utils/formatters.test.ts

node.exe : FAIL src/utils/formatters.test.ts
No linha:1 caractere:1
+ & "C:\Program Files\nodejs/node.exe" "C:\Program Files\nodejs/node_mo ...
+ ~~~~~~~~~~~~~~~~~~~~~~~~~~~~~~~~~~~~~~~~~~~~~~~~~~~~~~~~~~~~~~~~~~~~~
    + CategoryInfo          : NotSpecified: (FAIL src/utils/formatters.test.ts 
   :String) [], RemoteException
    + FullyQualifiedErrorId : NativeCommandError
 
  Data Formatters
    formatCurrency
      Unit Tests - Basic Examples
        ÔêÜ should format simple currency values (12 ms)
        ÔêÜ should format large numbers with thousands separator
        ÔêÜ should format zero (1 ms)
        ÔêÜ should format negative values correctly
        ÔêÜ should handle decimal precision and rounding (1 ms)
        ÔêÜ should handle very small numbers
        ÔêÜ should handle null and undefined (1 ms)
        ÔêÜ should handle NaN
        ÔêÜ should always include R$ symbol
        ÔêÜ should always use comma as decimal separator
        ÔêÜ should use period as thousands separator for large numbers (1 ms)
      Unit Tests - Edge Cases
        ÔêÜ should handle extremely large numbers
        ÔêÜ should handle very small decimal values
        ÔêÜ should maintain precision to 2 decimal places
      Property-Based Tests - Currency Formatting (Using Native 
Intl.NumberFormat)
        ÔêÜ Property 1: For any numeric value generated by fc.float(), output 
contains R$ symbol (5 ms)
        ÔêÜ Property 1: For any numeric value, output uses comma as decimal 
separator (3 ms)
        ÔêÜ Property 1: For values >= 1000, output uses period as thousands 
separator (3 ms)
        ├ù Property 1: For negative values, output represents the value as 
negative
        ÔêÜ Property 2: For values with 3+ decimal places, formatting rounds 
to exactly 2 decimal places (3 ms)
        ÔêÜ Property 2: Rounding behavior produces mathematically correct 
results (3 ms)
        ÔêÜ Property 1 & 2: For random numeric values, null, and special 
cases, output is consistent (3 ms)
        ÔêÜ Property 1: For random numeric values from 1 to 1000000, 
formatting produces output with R$ symbol (1 ms)
        ÔêÜ Property 1: For negative values from -1000 to -0.01, formatting 
includes R$ and minus sign (1 ms)
        ÔêÜ Property 2: For values with 3+ decimal places, formatting applies 
rounding to exactly 2 decimals
      Error Handling
        ÔêÜ should handle console errors gracefully
    formatPercentage
      Unit Tests - Basic Examples
        ÔêÜ should format decimal values as percentages (1 ms)
        ÔêÜ should handle null and undefined
        ÔêÜ should handle NaN
        ÔêÜ should always use comma as decimal separator
        ÔêÜ should always include % symbol (1 ms)
        ÔêÜ should maintain exactly 2 decimal places
      Property-Based Tests - Percentage Formatting
        ÔêÜ Property 3: For decimal values from 0 to 1, formatting produces 
XX.XX% pattern with comma separator and exactly 2 decimal places (21 ms)
    formatRatio
      Unit Tests - Basic Examples
        ÔêÜ should format P/VP ratios with 2 decimal places (1 ms)
        ÔêÜ should determine status correctly
        ÔêÜ should determine intensity correctly (1 ms)
        ÔêÜ should handle null and undefined
        ÔêÜ should handle NaN
        ÔêÜ should provide appropriate aria labels
      Property-Based Tests - P/VP Ratio Formatting
        ÔêÜ Property 4: For P/VP values from 0.5 to 2.0, formatting produces 
displayValue with exactly 2 decimal places (1 ms)
        ÔêÜ Property 4: Status determination is consistent with value 
comparison to 1.0
        ÔêÜ Property 4: P/VP Ratio Formatting - Fast-check property test with 
minimum 100 iterations (16 ms)
        ÔêÜ Property 4: P/VP Ratio Formatting - Edge cases for intensity 
determination (1 ms)
        ÔêÜ Property 4: P/VP Ratio Formatting - Display value formatting 
verification (1 ms)
    Integration Tests - Formatter Interaction
      ÔêÜ should handle a mix of valid and invalid inputs consistently
      ÔêÜ should handle NaN in all formatters (1 ms)

  ÔùÅ Data Formatters ÔÇ║ formatCurrency ÔÇ║ Property-Based Tests - Currency 
Formatting (Using Native Intl.NumberFormat) ÔÇ║ Property 1: For negative 
values, output represents the value as negative

    fc.float constraints.max must be a 32-bit float - you can convert any 
double to a 32-bit float by using `Math.fround(myDouble)`

    [0m [90m 180 |[39m       it([32m'Property 1: For negative values, 
output represents the value as negative'[39m[33m,[39m () [33m=>[39m {
     [90m 181 |[39m         [36mconst[39m property [33m=[39m 
fc[33m.[39mproperty(
    [31m[1m>[22m[39m[90m 182 |[39m           fc[33m.[39mfloat({ 
min[33m:[39m [33m-[39m[35m10000000[39m[33m,[39m max[33m:[39m 
[33m-[39m[35m0.01[39m[33m,[39m noNaN[33m:[39m 
[36mtrue[39m[33m,[39m noDefaultInfinity[33m:[39m [36mtrue[39m 
})[33m,[39m
     [90m     |[39m              [31m[1m^[22m[39m
     [90m 183 |[39m           (value) [33m=>[39m {
     [90m 184 |[39m             [36mconst[39m result [33m=[39m 
formatCurrency(value)[33m;[39m
     [90m 185 |[39m             [90m// Negative values should be 
represented (either with - sign or in formatted output)[39m[0m

      at safeFloatToIndex 
(node_modules/fast-check/lib/cjs/fast-check.js:6234:59)
      at anyFloat (node_modules/fast-check/lib/cjs/fast-check.js:6250:22)
      at Module.float (node_modules/fast-check/lib/cjs/fast-check.js:6286:37)
      at Object.<anonymous> (src/utils/formatters.test.ts:182:14)

Test Suites: 1 failed, 1 total
Tests:       1 failed, 44 passed, 45 total
Snapshots:   0 total
Time:        0.936 s, estimated 1 s
Ran all test suites matching /src\\utils\\formatters.test.ts/i.
